AUDIT numbers changed; inspect every delta in context:
--- /var/folders/q4/l3y9rnh936n07fzy0bw_5yg40000gn/T/tmp.0HLla6hDy1/numbers.before	2026-09-10 10:24:01
+++ /var/folders/q4/l3y9rnh936n07fzy0bw_5yg40000gn/T/tmp.0HLla6hDy1/numbers.after	2026-09-10 10:24:01
@@ -5,7 +5,7 @@
    4 0.001
    1 0.002
    2 0.003
-   5 0.005
+   4 0.005
    1 0.0050
    1 0.0056
    2 0.006
@@ -115,7 +115,7 @@
    1 0.91
    1 0.92
    5 0.94
-   2 0.97
+   3 0.97
    1 0.98
    4 000
    2 04
@@ -125,7 +125,7 @@
    1 1,0
    1 1,1
    3 1,2
-   2 1.00
+   3 1.00
    1 1.000
    1 1.015
    1 1.04
@@ -148,7 +148,7 @@
    1 1.71
    3 1.8
    8 10
-  10 100
+   9 100
    1 12.6
    1 12.7
    2 127
@@ -200,7 +200,7 @@
    9 6
    1 6.75
    2 63.7
-   3 7
+   4 7
    1 7.2
    2 70
    4 75
@@ -211,5 +211,5 @@
    1 82
    2 9.5
    1 90
-   2 95
+   3 95
    1 97.5
AUDIT number_words changed; inspect every delta in context:
--- /var/folders/q4/l3y9rnh936n07fzy0bw_5yg40000gn/T/tmp.0HLla6hDy1/number_words.before	2026-09-10 10:24:01
+++ /var/folders/q4/l3y9rnh936n07fzy0bw_5yg40000gn/T/tmp.0HLla6hDy1/number_words.after	2026-09-10 10:24:01
@@ -1,11 +1,10 @@
    5 first
    2 five
    2 four
-   7 one
-   1 six
-   3 ten
+   9 one
+   2 ten
    1 tenth
    1 third
    3 three
   11 two
-   1 zero
+   2 zero
PASS  citations
PASS  labels
PASS  sections
PASS  equations
AUDIT inline_math changed; inspect every delta in context:
--- /var/folders/q4/l3y9rnh936n07fzy0bw_5yg40000gn/T/tmp.0HLla6hDy1/inline_math.before	2026-09-10 10:24:01
+++ /var/folders/q4/l3y9rnh936n07fzy0bw_5yg40000gn/T/tmp.0HLla6hDy1/inline_math.after	2026-09-10 10:24:01
@@ -54,7 +54,6 @@
 $0.003$
 $0.005$
 $0.005$
-$0.005$
 $0.0050$
 $0.006$
 $0.007$
@@ -195,8 +194,10 @@
 $0.94$
 $0.97$
 $0.97$
+$0.97$
 $0.98$
 $1$
+$1.00$
 $1.00$
 $1.00$
 $1.000$
@@ -229,7 +230,6 @@
 $100$
 $100$
 $100$
-$100$
 $10^{-6}$
 $12.6$
 $12.7$
@@ -402,7 +402,7 @@
 $\mathcal R$
 $\mathcal R=\{X_5>2\}$
 $\mathrm{ESS}(x)$
-$\mathrm{ESS}(x)=\sigma_1^2/\{V_f(x)+H_g\tau_0^2\}$
+$\mathrm{ESS}(x)=\hat\sigma_1^2/\{V_f(x)+H_g\bar\tau_0^2\}$
 $\mathrm{ESS}_0$
 $\mathrm{ESS}_0$
 $\mathrm{ESS}_0$
PASS  protected_blocks (no changes)
PASS  graphics
FAIL  references
--- /var/folders/q4/l3y9rnh936n07fzy0bw_5yg40000gn/T/tmp.0HLla6hDy1/references.before	2026-09-10 10:24:01
+++ /var/folders/q4/l3y9rnh936n07fzy0bw_5yg40000gn/T/tmp.0HLla6hDy1/references.after	2026-09-10 10:24:01
@@ -3,7 +3,7 @@
    1 \ref{sec:application}
    2 \ref{sec:model}
    1 \ref{sec:setting}
-   2 \ref{sec:singlearm}
+   1 \ref{sec:singlearm}
    2 \ref{tab:app}
    1 \ref{tab:gauss}
    2 \ref{tab:map}
PASS  structure (no changes)

1 hard integrity check(s) failed.
