AUDIT numbers changed; inspect every delta in context:
--- /var/folders/q4/l3y9rnh936n07fzy0bw_5yg40000gn/T/tmp.UtOegWKpnp/numbers.before	2026-09-10 10:24:02
+++ /var/folders/q4/l3y9rnh936n07fzy0bw_5yg40000gn/T/tmp.UtOegWKpnp/numbers.after	2026-09-10 10:24:02
@@ -1,18 +1,18 @@
-  53 0
+  46 0
    1 0,0
    1 0,1
    1 0,80
-  15 0.00
+  14 0.00
    1 0.001
-   1 0.005
+   2 0.005
   10 0.01
    1 0.012
    2 0.02
+   1 0.024
    6 0.03
-  10 0.04
+   8 0.04
    1 0.05
    2 0.06
-   1 0.07
    1 0.08
    1 0.1
    1 0.11
@@ -21,12 +21,12 @@
    5 0.15
    2 0.16
    2 0.17
-   1 0.172
+   2 0.172
    1 0.18
    2 0.19
    3 0.2
    2 0.20
-   1 0.205
+   2 0.205
    1 0.207
    5 0.21
    6 0.22
@@ -37,7 +37,7 @@
    2 0.27
    1 0.28
    1 0.29
-   8 0.3
+   7 0.3
    1 0.31
    1 0.312
    1 0.32
@@ -51,16 +51,17 @@
    1 0.40
    1 0.41
    2 0.42
+   1 0.44
    2 0.45
    1 0.46
-  12 0.48
+  10 0.48
    2 0.49
-  10 0.5
+   9 0.5
    1 0.51
    2 0.55
-   1 0.56
+   2 0.56
    1 0.57
-   3 0.58
+   2 0.58
    1 0.59
    1 0.6
    1 0.61
@@ -72,8 +73,10 @@
    1 0.69
    3 0.7
    1 0.70
+   1 0.723
    1 0.73
    3 0.74
+   1 0.747
    1 0.75
    2 0.76
    4 0.77
@@ -103,7 +106,7 @@
    1 04
    3 05
    2 09
-  87 1
+  83 1
    1 1,1
    1 1,2
    1 1.00
@@ -120,7 +123,7 @@
    1 1.21
    1 1.22
    2 1.23
-   2 1.3
+   1 1.3
    1 1.39
    1 1.4
    2 1.40
@@ -130,32 +133,33 @@
    1 1.70
    2 1.8
    1 1.90
-   4 10
+   3 10
    6 100
    1 11
    1 12
    1 12.6
    2 127
-   2 13
+   1 13
    1 14.6
    2 15
-   2 16
+   1 16
    1 16.4
    1 169
-   2 17
+   1 17
    1 176,125
-  90 2
+  71 2
    2 2.25
    1 2.3
    1 2.31
    1 2.41
-   3 200
+   6 200
    1 2000
    1 2010
    1 2011
    1 2012
    1 2014
    2 2020
+   1 2023
    1 2025
    4 2026
    1 22
@@ -165,30 +169,31 @@
    1 232,242
    1 253
    1 27
-   1 29
   17 3
    1 3.2
   10 30
    2 300
    3 34
    1 36.7
-   6 4
+   7 4
    1 4.77
    1 40
-  14 5
-   4 50
+  15 5
+   3 50
AUDIT number_words changed; inspect every delta in context:
--- /var/folders/q4/l3y9rnh936n07fzy0bw_5yg40000gn/T/tmp.UtOegWKpnp/number_words.before	2026-09-10 10:24:02
+++ /var/folders/q4/l3y9rnh936n07fzy0bw_5yg40000gn/T/tmp.UtOegWKpnp/number_words.after	2026-09-10 10:24:02
@@ -1,10 +1,8 @@
-   2 first
+   3 first
    3 five
    1 four
-  17 one
-   1 six
-   1 tenth
+  10 one
    1 third
    2 three
-   4 two
-   4 zero
+   2 two
+   7 zero
FAIL  citations
--- /var/folders/q4/l3y9rnh936n07fzy0bw_5yg40000gn/T/tmp.UtOegWKpnp/citations.before	2026-09-10 10:24:02
+++ /var/folders/q4/l3y9rnh936n07fzy0bw_5yg40000gn/T/tmp.UtOegWKpnp/citations.after	2026-09-10 10:24:02
@@ -2,6 +2,7 @@
    1 Hobbs2011
    1 Hobbs2012
    1 IbrahimChen2000
+   1 Jin2023CAHB
    1 Neuenschwander2010MAP
    1 RoverFriede2025
    1 neuenschwander2020
PASS  labels
PASS  sections
PASS  equations
AUDIT inline_math changed; inspect every delta in context:
--- /var/folders/q4/l3y9rnh936n07fzy0bw_5yg40000gn/T/tmp.UtOegWKpnp/inline_math.before	2026-09-10 10:24:02
+++ /var/folders/q4/l3y9rnh936n07fzy0bw_5yg40000gn/T/tmp.UtOegWKpnp/inline_math.after	2026-09-10 10:24:02
@@ -2,8 +2,6 @@
 $(0.5,3)$
 $(1-w)H_g\tau_1^2$
 $(X_5,X_6)$
-$(\sigma_1^2,\tau_0^2,\tau_1^2,w)$
-$(\tau_0^2+\sigma_1^2/n)^{1/2}$
 $(\tau_0^2,\tau_1^2,w)$
 $(h,\ell)$
 $-$
@@ -31,26 +29,26 @@
 $-1.8$
 $-2$
 $0$
-$0$
 $0.00$
-$0.00$
 $0.001$
+$0.005$
 $0.01$
 $0.012$
 $0.02$
+$0.024$
 $0.03$
 $0.04$
-$0.04$
-$0.04$
 $0.08$
 $0.1$
 $0.11$
 $0.16$
 $0.16$
 $0.172$
+$0.172$
 $0.19$
 $0.2$
 $0.205$
+$0.205$
 $0.207$
 $0.223$
 $0.25$
@@ -61,7 +59,10 @@
 $0.37$
 $0.41$
 $0.42$
+$0.44$
 $0.7$
+$0.723$
+$0.747$
 $0.785$
 $0.82$
 $0.824$
@@ -72,15 +73,15 @@
 $0.97$
 $0.99$
 $0.9\times$
+$0<w<1$
+$1$
 $1.015$
 $1.3$
-$1.3$
 $1.4$
 $1.6$
 $1.6$
 $1.68$
 $10$
-$10$
 $100$
 $12.6$
 $127$
@@ -88,11 +89,12 @@
 $14.6$
 $15$
 $16\%$
-$16\%$
 $17$
-$17$
+$2$
+$2$
 $2.3$
 $200$
+$200$
 $200{:}100$
 $225{:}75$
 $23$
@@ -113,36 +115,34 @@
 $75$
 $8$
 $82$
-$86$
 $8{,}000$
+$9.5$
 $99.9$
 $A,B$
 $B(x)$
 $D_i=1$
 $D_i=2$
-$H=50$
-$H=50$
 $H_f=50$
+$H_f=50$
 $H_g$
-$H_g$
 $H_g=5$
-$H_g\tau_0^2\approx0.07$
+$H_g=5$
+$H_g\tau_0^2$
 $P(\text{ratio}>1)$
+$R=200$
+$R=200$
 $R=500$
 $T_g$
+$V_\mu^f$
+$V_g=\sum_{h,\ell}a_{h\ell}^2\{z_{h\ell}\tau_0^2+(1-z_{h\ell})\tau_1^2\}$
 $X_5$
 $X_7$
-$\bar y$
 $\bar y_1$
+$\bar\tau_0^2$
 $\bm U$
 $\bm{-0.00}$
 $\bm{-0.04}$
-$\bx$
 $\bx_i$
-$\delta$
-$\delta/H$
-$\delta>2H\tau^2\sqrt{2c}/\lambda$
-$\delta^2/(2H\tau^2)$
 $\delta_2$
 $\delta_2=1$
 $\delta_2=1$
@@ -152,44 +152,38 @@
 $\delta_2=2$
 $\delta_2=2$
 $\delta_2\in\{0.5,1,2\}$
-$\log\tfrac{w}{1-w}+\log\tfrac{\tau_1}{\tau_0}$
-$\mathcal B_c(x)=P(|g(x)|<c\given\text{data})\to\mathbb{I}\{|d|<c\}$
+$\hat\sigma_1^2/V_\mu^f$
+$\mathcal B_c(x)\to\mathbb I\{|d|<c\}$
 $\mathcal R$
-$\mathcal R$
 $\mathcal R=\{X_5>2\}$
-$\mathrm{ESS}(x)=\sigma_1^2/\{V_f(x)+H_g\tau_0^2\}$
-$\mathrm{ESS}(x)=\sigma_1^2/\{V_f(x)+H_g\tau_0^2\}$
+$\mathrm{ESS}(x)=\hat\sigma_1^2/\{V_f(x)+H_g\bar\tau_0^2\}$
 $\mathrm{ESS}_0$
-$\mathrm{ESS}_0$
-$\mathrm{ESS}_0\to\sigma_1^2/V_\mu^f$
-$\mu$
-$\mu=N^{-1}\sum_{i\le N}f_1(\bx_i)$
+$\mu=N^{-1}\sum_i f_1(\bx_i)$
 $\rho=0$
 $\rho=0$
 $\rho=0$
 $\rho\in\{-0.5,0,0.5\}$
 $\sigma_1=1.5$
-$\sigma_1^2/V_\mu^f$
+$\sigma_1^2/(V_\mu^f+V_g)$
 $\sigma_2=1.8$
PASS  protected_blocks (no changes)
PASS  graphics
PASS  references
PASS  frame_titles (no changes)
AUDIT block_titles changed; inspect every delta in context:
--- /var/folders/q4/l3y9rnh936n07fzy0bw_5yg40000gn/T/tmp.UtOegWKpnp/block_titles.before	2026-09-10 10:24:02
+++ /var/folders/q4/l3y9rnh936n07fzy0bw_5yg40000gn/T/tmp.UtOegWKpnp/block_titles.after	2026-09-10 10:24:02
@@ -10,24 +10,23 @@
 block	Spike, $z=1$: the commensurate component
 block	Slab, $z=0$: the vague component
 block	Special cases
-alertblock	Consequence
-block	The ceiling
-block	The Pr-rule
+block	Scope of the prior-cost calculation
+block	Realized information diagnostic
 block	Theorem 1: bounded local influence
 block	Theorem 2: detection and the map
-block	Theorem 3: monotone, well-posed calibration
+block	Theorem 3: the working calibration
 alertblock	What is proved and what is not
 block	Reading the table
 block	LRC-BART at target 100, first 40 replicates
-block	When the sources agree
-block	When they disagree everywhere
-alertblock	When they disagree on a region
+block	Agreement and global conflict
+alertblock	Regional conflict remains difficult
+block	Compatibility and realized regional ESS are distinct
 block	Two readings
 block	No confounding
 alertblock	Measured confounding
 block	EloKRd phase II trial
 block	UCMM registry control
-alertblock	A coding problem the calibration exposed
-block	Two readings
+alertblock	Coding and interpretation
+block	Descriptive comparison conditional on recorded profiles
 block	Reading the map
-block	Takeaway
+block	Reported summaries
AUDIT structure changed; inspect every delta in context:
--- /var/folders/q4/l3y9rnh936n07fzy0bw_5yg40000gn/T/tmp.UtOegWKpnp/structure.before	2026-09-10 10:24:02
+++ /var/folders/q4/l3y9rnh936n07fzy0bw_5yg40000gn/T/tmp.UtOegWKpnp/structure.after	2026-09-10 10:24:02
@@ -62,20 +62,18 @@
 \begin{frame}
 \begin{itemize}
 \end{itemize}
-\begin{alertblock}
-\end{alertblock}
+\begin{block}
+\end{block}
 \end{frame}
 \begin{frame}
 \begin{itemize}
 \end{itemize}
 \end{frame}
 \begin{frame}
-\begin{columns}
+\begin{itemize}
+\end{itemize}
 \begin{block}
 \end{block}
-\begin{block}
-\end{block}
-\end{columns}
 \end{frame}
 \begin{frame}
 \begin{block}
@@ -112,10 +110,10 @@
 \begin{frame}
 \begin{block}
 \end{block}
-\begin{block}
-\end{block}
 \begin{alertblock}
 \end{alertblock}
+\begin{block}
+\end{block}
 \end{frame}
 \begin{frame}
 \begin{tabular}

1 hard integrity check(s) failed.
